  {"message": "[write-good.Passive] 'is enabled' may be passive voice. Use active voice if you can.", "location": {"path": "snippets/character_table/configurations/condition/constant_codepoint_count.md", "range": {"start": {"line": 1, "column": 35}}}, "severity": "WARNING"}
  {"message": "[Google.Passive] In general, use active voice instead of passive voice ('is enabled').", "location": {"path": "snippets/character_table/configurations/condition/constant_codepoint_count.md", "range": {"start": {"line": 1, "column": 35}}}, "severity": "INFO"}
  {"message": "[write-good.E-Prime] Try to avoid using 'is'.", "location": {"path": "snippets/character_table/configurations/condition/constant_codepoint_count.md", "range": {"start": {"line": 1, "column": 35}}}, "severity": "INFO"}
  {"message": "[Vale.Spelling] Did you really mean 'codepoint'?", "location": {"path": "snippets/character_table/configurations/brief/constant_codepoint_count.md", "range": {"start": {"line": 1, "column": 11}}}, "severity": "ERROR"}
  {"message": "[Vale.Spelling] Did you really mean 'codepoints'?", "location": {"path": "snippets/character_table/configurations/flag/use_constant_codepoint_count.md", "range": {"start": {"line": 1, "column": 54}}}, "severity": "ERROR"}
  {"message": "[Vale.Spelling] Did you really mean 'Pixmap'?", "location": {"path": "snippets/character_table/links/brief/pixmap_tables.md", "range": {"start": {"line": 1, "column": 11}}}, "severity": "ERROR"}
  {"message": "[Google.Passive] In general, use active voice instead of passive voice ('is enabled').", "location": {"path": "snippets/character_table/links/condition/pixmap_tables.md", "range": {"start": {"line": 1, "column": 25}}}, "severity": "INFO"}
  {"message": "[write-good.E-Prime] Try to avoid using 'is'.", "location": {"path": "snippets/character_table/links/condition/pixmap_tables.md", "range": {"start": {"line": 1, "column": 25}}}, "severity": "INFO"}
  {"message": "[write-good.Passive] 'is enabled' may be passive voice. Use active voice if you can.", "location": {"path": "snippets/character_table/links/condition/pixmap_tables.md", "range": {"start": {"line": 1, "column": 25}}}, "severity": "WARNING"}
  {"message": "[Vale.Spelling] Did you really mean 'codepoint'?", "location": {"path": "snippets/character_table/brief.md", "range": {"start": {"line": 1, "column": 32}}}, "severity": "ERROR"}
  {"message": "[Google.Parens] Use parentheses judiciously.", "location": {"path": "snippets/character_table/brief.md", "range": {"start": {"line": 1, "column": 52}}}, "severity": "INFO"}
  {"message": "[Vale.Spelling] Did you really mean 'pixmaps'?", "location": {"path": "snippets/character_table/brief.md", "range": {"start": {"line": 1, "column": 99}}}, "severity": "ERROR"}
  {"message": "[Google.Headings] 'Use Cases' should use sentence-style capitalization.", "location": {"path": "snippets/character_table/brief.md", "range": {"start": {"line": 3, "column": 4}}}, "severity": "WARNING"}
  {"message": "[Vale.Spelling] Did you really mean 'codepoints'?", "location": {"path": "snippets/character_table/brief.md", "range": {"start": {"line": 5, "column": 86}}}, "severity": "ERROR"}
  {"message": "[Vale.Spelling] Did you really mean 'pixmap'?", "location": {"path": "snippets/character_table/brief.md", "range": {"start": {"line": 5, "column": 143}}}, "severity": "ERROR"}
  {"message": "[Vale.Spelling] Did you really mean 'Pixmap'?", "location": {"path": "snippets/character_table/links/flag/link_pixmap_tables.md", "range": {"start": {"line": 1, "column": 33}}}, "severity": "ERROR"}
  {"message": "[Vale.Spelling] Did you really mean 'pixmap'?", "location": {"path": "snippets/character_table/modifiers/brief/use_pixmap_index.md", "range": {"start": {"line": 1, "column": 71}}}, "severity": "ERROR"}
  {"message": "[Vale.Spelling] Did you really mean 'Pixmap'?", "location": {"path": "snippets/character_table/modifiers/brief/use_pixmap_table_index.md", "range": {"start": {"line": 1, "column": 75}}}, "severity": "ERROR"}
  {"message": "[Google.WordList] Use 'turn off' or 'off' instead of 'disabled'.", "location": {"path": "snippets/character_table/modifiers/details/use_pixmap_index.md", "range": {"start": {"line": 1, "column": 6}}}, "severity": "WARNING"}
  {"message": "[Vale.Spelling] Did you really mean 'pixmap'?", "location": {"path": "snippets/character_table/modifiers/details/use_pixmap_index.md", "range": {"start": {"line": 1, "column": 20}}}, "severity": "ERROR"}
  {"message": "[Google.Parens] Use parentheses judiciously.", "location": {"path": "snippets/character_table/modifiers/details/use_pixmap_index.md", "range": {"start": {"line": 1, "column": 78}}}, "severity": "INFO"}
  {"message": "[Google.WordList] Use 'turn off' or 'off' instead of 'disabled'.", "location": {"path": "snippets/character_table/modifiers/details/use_advance_x.md", "range": {"start": {"line": 1, "column": 6}}}, "severity": "WARNING"}
  {"message": "[write-good.E-Prime] Try to avoid using 'is'.", "location": {"path": "snippets/character_table/modifiers/details/use_advance_x.md", "range": {"start": {"line": 1, "column": 36}}}, "severity": "INFO"}
  {"message": "[Vale.Spelling] Did you really mean 'pixmap's'?", "location": {"path": "snippets/character_table/modifiers/details/use_advance_x.md", "range": {"start": {"line": 1, "column": 43}}}, "severity": "ERROR"}
  {"message": "[write-good.Passive] 'is added' may be passive voice. Use active voice if you can.", "location": {"path": "snippets/character_table/modifiers/details/use_advance_x.md", "range": {"start": {"line": 1, "column": 83}}}, "severity": "WARNING"}
  {"message": "[Google.Passive] In general, use active voice instead of passive voice ('is added').", "location": {"path": "snippets/character_table/modifiers/details/use_advance_x.md", "range": {"start": {"line": 1, "column": 83}}}, "severity": "INFO"}
  {"message": "[write-good.E-Prime] Try to avoid using 'is'.", "location": {"path": "snippets/character_table/modifiers/details/use_advance_x.md", "range": {"start": {"line": 1, "column": 83}}}, "severity": "INFO"}
  {"message": "[write-good.E-Prime] Try to avoid using 'is'.", "location": {"path": "snippets/character_table/records/brief/pixmap_index.md", "range": {"start": {"line": 1, "column": 32}}}, "severity": "INFO"}
  {"message": "[write-good.Passive] 'is enabled' may be passive voice. Use active voice if you can.", "location": {"path": "snippets/character_table/records/brief/pixmap_index.md", "range": {"start": {"line": 1, "column": 32}}}, "severity": "WARNING"}
  {"message": "[Google.Passive] In general, use active voice instead of passive voice ('is enabled').", "location": {"path": "snippets/character_table/records/brief/pixmap_index.md", "range": {"start": {"line": 1, "column": 32}}}, "severity": "INFO"}
  {"message": "[Google.Passive] In general, use active voice instead of passive voice ('is enabled').", "location": {"path": "snippets/character_table/records/brief/pixmap_table_index.md", "range": {"start": {"line": 1, "column": 38}}}, "severity": "INFO"}
  {"message": "[write-good.E-Prime] Try to avoid using 'is'.", "location": {"path": "snippets/character_table/records/brief/pixmap_table_index.md", "range": {"start": {"line": 1, "column": 38}}}, "severity": "INFO"}
  {"message": "[write-good.Passive] 'is enabled' may be passive voice. Use active voice if you can.", "location": {"path": "snippets/character_table/records/brief/pixmap_table_index.md", "range": {"start": {"line": 1, "column": 38}}}, "severity": "WARNING"}
  {"message": "[Google.WordList] Use 'turn off' or 'off' instead of 'disabled'.", "location": {"path": "snippets/character_table/modifiers/details/use_pixmap_table_index.md", "range": {"start": {"line": 1, "column": 6}}}, "severity": "WARNING"}
  {"message": "[Vale.Spelling] Did you really mean 'Pixmap'?", "location": {"path": "snippets/character_table/modifiers/details/use_pixmap_table_index.md", "range": {"start": {"line": 1, "column": 45}}}, "severity": "ERROR"}
  {"message": "[Vale.Spelling] Did you really mean 'pixmap'?", "location": {"path": "snippets/character_table/modifiers/details/use_pixmap_table_index.md", "range": {"start": {"line": 1, "column": 90}}}, "severity": "ERROR"}
  {"message": "[Vale.Spelling] Did you really mean 'pixmap'?", "location": {"path": "snippets/character_table/modifiers/details/use_pixmap_table_index.md", "range": {"start": {"line": 1, "column": 133}}}, "severity": "ERROR"}
  {"message": "[Google.Will] Avoid using 'will'.", "location": {"path": "snippets/character_table/modifiers/details/use_pixmap_table_index.md", "range": {"start": {"line": 1, "column": 147}}}, "severity": "WARNING"}
  {"message": "[write-good.E-Prime] Try to avoid using 'is'.", "location": {"path": "snippets/character_table/records/condition/advance_x.md", "range": {"start": {"line": 1, "column": 29}}}, "severity": "INFO"}
  {"message": "[write-good.Passive] 'is enabled' may be passive voice. Use active voice if you can.", "location": {"path": "snippets/character_table/records/condition/advance_x.md", "range": {"start": {"line": 1, "column": 29}}}, "severity": "WARNING"}
  {"message": "[Google.Passive] In general, use active voice instead of passive voice ('is enabled').", "location": {"path": "snippets/character_table/records/condition/advance_x.md", "range": {"start": {"line": 1, "column": 29}}}, "severity": "INFO"}
  {"message": "[Google.Parens] Use parentheses judiciously.", "location": {"path": "snippets/character_table/records/condition/codepoints.md", "range": {"start": {"line": 1, "column": 1}}}, "severity": "INFO"}
  {"message": "[Vale.Spelling] Did you really mean 'codepoint'?", "location": {"path": "snippets/character_table/records/condition/codepoints.md", "range": {"start": {"line": 1, "column": 15}}}, "severity": "ERROR"}
  {"message": "[Google.Passive] In general, use active voice instead of passive voice ('is set').", "location": {"path": "snippets/character_table/records/condition/codepoints.md", "range": {"start": {"line": 1, "column": 85}}}, "severity": "INFO"}
  {"message": "[write-good.E-Prime] Try to avoid using 'is'.", "location": {"path": "snippets/character_table/records/condition/codepoints.md", "range": {"start": {"line": 1, "column": 85}}}, "severity": "INFO"}
  {"message": "[write-good.Passive] 'is set' may be passive voice. Use active voice if you can.", "location": {"path": "snippets/character_table/records/condition/codepoints.md", "range": {"start": {"line": 1, "column": 85}}}, "severity": "WARNING"}
  {"message": "[Vale.Spelling] Did you really mean 'pixmap'?", "location": {"path": "snippets/character_table/records/condition/pixmap_index.md", "range": {"start": {"line": 1, "column": 14}}}, "severity": "ERROR"}
  {"message": "[Vale.Spelling] Did you really mean 'Pixmap'?", "location": {"path": "snippets/character_table/records/condition/pixmap_index.md", "range": {"start": {"line": 1, "column": 43}}}, "severity": "ERROR"}
  {"message": "[Google.OptionalPlurals] Don't use plurals in parentheses such as in 'Table(s)'.", "location": {"path": "snippets/character_table/records/condition/pixmap_index.md", "range": {"start": {"line": 1, "column": 50}}}, "severity": "ERROR"}
  {"message": "[Google.Parens] Use parentheses judiciously.", "location": {"path": "snippets/character_table/records/condition/pixmap_index.md", "range": {"start": {"line": 1, "column": 55}}}, "severity": "INFO"}
  {"message": "[Vale.Spelling] Did you really mean 'Pixmap'?", "location": {"path": "snippets/character_table/records/condition/pixmap_table_index.md", "range": {"start": {"line": 1, "column": 23}}}, "severity": "ERROR"}
  {"message": "[Google.Headings] 'constant_alpha' should use sentence-style capitalization.", "location": {"path": "snippets/color_table/configurations/brief/constant_alpha.md", "range": {"start": {"line": 1, "column": 3}}}, "severity": "WARNING"}
  {"message": "[Vale.Spelling] Did you really mean 'constant_alpha'?", "location": {"path": "snippets/color_table/configurations/brief/constant_alpha.md", "range": {"start": {"line": 1, "column": 3}}}, "severity": "ERROR"}
  {"message": "[Vale.Spelling] Did you really mean 'constant_alpha'?", "location": {"path": "snippets/color_table/configurations/brief/constant_alpha.md", "range": {"start": {"line": 3, "column": 37}}}, "severity": "ERROR"}
  {"message": "[Google.Headings] 'color_table table' should use sentence-style capitalization.", "location": {"path": "snippets/color_table/brief.md", "range": {"start": {"line": 1, "column": 3}}}, "severity": "WARNING"}
  {"message": "[Vale.Spelling] Did you really mean 'color_table'?", "location": {"path": "snippets/color_table/brief.md", "range": {"start": {"line": 1, "column": 3}}}, "severity": "ERROR"}
  {"message": "[Vale.Spelling] Did you really mean 'color_table'?", "location": {"path": "snippets/color_table/brief.md", "range": {"start": {"line": 3, "column": 37}}}, "severity": "ERROR"}
  {"message": "[Vale.Spelling] Did you really mean 'use_color_type'?", "location": {"path": "snippets/color_table/modifiers/brief/use_color_type.md", "range": {"start": {"line": 1, "column": 3}}}, "severity": "ERROR"}
  {"message": "[Google.Headings] 'use_color_type' should use sentence-style capitalization.", "location": {"path": "snippets/color_table/modifiers/brief/use_color_type.md", "range": {"start": {"line": 1, "column": 3}}}, "severity": "WARNING"}
  {"message": "[Vale.Spelling] Did you really mean 'use_color_type'?", "location": {"path": "snippets/color_table/modifiers/brief/use_color_type.md", "range": {"start": {"line": 3, "column": 37}}}, "severity": "ERROR"}
  {"message": "[Vale.Spelling] Did you really mean 'use_color_type'?", "location": {"path": "snippets/color_table/modifiers/details/use_color_type.md", "range": {"start": {"line": 1, "column": 3}}}, "severity": "ERROR"}
  {"message": "[Google.Headings] 'use_color_type details' should use sentence-style capitalization.", "location": {"path": "snippets/color_table/modifiers/details/use_color_type.md", "range": {"start": {"line": 1, "column": 3}}}, "severity": "WARNING"}
  {"message": "[Vale.Spelling] Did you really mean 'use_color_type'?", "location": {"path": "snippets/color_table/modifiers/details/use_color_type.md", "range": {"start": {"line": 3, "column": 37}}}, "severity": "ERROR"}
  {"message": "[Google.Headings] 'alpha' should use sentence-style capitalization.", "location": {"path": "snippets/color_table/records/brief/alpha.md", "range": {"start": {"line": 1, "column": 3}}}, "severity": "WARNING"}
  {"message": "[Google.Headings] 'blue' should use sentence-style capitalization.", "location": {"path": "snippets/color_table/records/brief/blue.md", "range": {"start": {"line": 1, "column": 3}}}, "severity": "WARNING"}
  {"message": "[Google.Headings] 'color_type' should use sentence-style capitalization.", "location": {"path": "snippets/color_table/records/brief/color_type.md", "range": {"start": {"line": 1, "column": 3}}}, "severity": "WARNING"}
  {"message": "[Vale.Spelling] Did you really mean 'color_type'?", "location": {"path": "snippets/color_table/records/brief/color_type.md", "range": {"start": {"line": 1, "column": 3}}}, "severity": "ERROR"}
  {"message": "[Vale.Spelling] Did you really mean 'color_type'?", "location": {"path": "snippets/color_table/records/brief/color_type.md", "range": {"start": {"line": 3, "column": 37}}}, "severity": "ERROR"}
  {"message": "[Google.Headings] 'green' should use sentence-style capitalization.", "location": {"path": "snippets/color_table/records/brief/green.md", "range": {"start": {"line": 1, "column": 3}}}, "severity": "WARNING"}
  {"message": "[Google.Headings] 'red' should use sentence-style capitalization.", "location": {"path": "snippets/color_table/records/brief/red.md", "range": {"start": {"line": 1, "column": 3}}}, "severity": "WARNING"}
  {"message": "[Google.Headings] 'font_table table' should use sentence-style capitalization.", "location": {"path": "snippets/font_table/brief.md", "range": {"start": {"line": 1, "column": 3}}}, "severity": "WARNING"}
  {"message": "[Vale.Spelling] Did you really mean 'font_table'?", "location": {"path": "snippets/font_table/brief.md", "range": {"start": {"line": 1, "column": 3}}}, "severity": "ERROR"}
  {"message": "[Vale.Spelling] Did you really mean 'font_table'?", "location": {"path": "snippets/font_table/brief.md", "range": {"start": {"line": 3, "column": 37}}}, "severity": "ERROR"}
  {"message": "[Google.Headings] 'author' should use sentence-style capitalization.", "location": {"path": "snippets/font_table/records/brief/author.md", "range": {"start": {"line": 1, "column": 3}}}, "severity": "WARNING"}
  {"message": "[Google.Headings] 'character_tables' should use sentence-style capitalization.", "location": {"path": "snippets/font_table/links/brief/character_tables.md", "range": {"start": {"line": 1, "column": 3}}}, "severity": "WARNING"}
  {"message": "[Vale.Spelling] Did you really mean 'character_tables'?", "location": {"path": "snippets/font_table/links/brief/character_tables.md", "range": {"start": {"line": 1, "column": 3}}}, "severity": "ERROR"}
  {"message": "[Vale.Spelling] Did you really mean 'character_tables'?", "location": {"path": "snippets/font_table/links/brief/character_tables.md", "range": {"start": {"line": 3, "column": 37}}}, "severity": "ERROR"}
  {"message": "[Vale.Spelling] Did you really mean 'character_table_indexes'?", "location": {"path": "snippets/font_table/records/brief/character_table_indexes.md", "range": {"start": {"line": 1, "column": 3}}}, "severity": "ERROR"}
  {"message": "[Google.Headings] 'character_table_indexes' should use sentence-style capitalization.", "location": {"path": "snippets/font_table/records/brief/character_table_indexes.md", "range": {"start": {"line": 1, "column": 3}}}, "severity": "WARNING"}
  {"message": "[Vale.Spelling] Did you really mean 'character_table_indexes'?", "location": {"path": "snippets/font_table/records/brief/character_table_indexes.md", "range": {"start": {"line": 3, "column": 37}}}, "severity": "ERROR"}
  {"message": "[Google.Headings] 'font_type' should use sentence-style capitalization.", "location": {"path": "snippets/font_table/records/brief/font_type.md", "range": {"start": {"line": 1, "column": 3}}}, "severity": "WARNING"}
  {"message": "[Vale.Spelling] Did you really mean 'font_type'?", "location": {"path": "snippets/font_table/records/brief/font_type.md", "range": {"start": {"line": 1, "column": 3}}}, "severity": "ERROR"}
  {"message": "[Vale.Spelling] Did you really mean 'font_type'?", "location": {"path": "snippets/font_table/records/brief/font_type.md", "range": {"start": {"line": 3, "column": 37}}}, "severity": "ERROR"}
  {"message": "[Google.Headings] 'version' should use sentence-style capitalization.", "location": {"path": "snippets/font_table/records/brief/version.md", "range": {"start": {"line": 1, "column": 3}}}, "severity": "WARNING"}
  {"message": "[Vale.Spelling] Did you really mean 'pixmap_table'?", "location": {"path": "snippets/pixmap_table/brief.md", "range": {"start": {"line": 1, "column": 3}}}, "severity": "ERROR"}
  {"message": "[Google.Headings] 'pixmap_table table' should use sentence-style capitalization.", "location": {"path": "snippets/pixmap_table/brief.md", "range": {"start": {"line": 1, "column": 3}}}, "severity": "WARNING"}
  {"message": "[Vale.Spelling] Did you really mean 'pixmap_table'?", "location": {"path": "snippets/pixmap_table/brief.md", "range": {"start": {"line": 3, "column": 37}}}, "severity": "ERROR"}
  {"message": "[Google.Headings] 'name' should use sentence-style capitalization.", "location": {"path": "snippets/font_table/records/brief/name.md", "range": {"start": {"line": 1, "column": 3}}}, "severity": "WARNING"}
  {"message": "[Vale.Spelling] Did you really mean 'constant_bits_per_pixel'?", "location": {"path": "snippets/pixmap_table/configurations/brief/constant_bits_per_pixel.md", "range": {"start": {"line": 1, "column": 3}}}, "severity": "ERROR"}
  {"message": "[Google.Headings] 'constant_bits_per_pixel' should use sentence-style capitalization.", "location": {"path": "snippets/pixmap_table/configurations/brief/constant_bits_per_pixel.md", "range": {"start": {"line": 1, "column": 3}}}, "severity": "WARNING"}
  {"message": "[Vale.Spelling] Did you really mean 'constant_bits_per_pixel'?", "location": {"path": "snippets/pixmap_table/configurations/brief/constant_bits_per_pixel.md", "range": {"start": {"line": 3, "column": 37}}}, "severity": "ERROR"}
  {"message": "[Vale.Spelling] Did you really mean 'constant_height'?", "location": {"path": "snippets/pixmap_table/configurations/brief/constant_height.md", "range": {"start": {"line": 1, "column": 3}}}, "severity": "ERROR"}
  {"message": "[Google.Headings] 'constant_height' should use sentence-style capitalization.", "location": {"path": "snippets/pixmap_table/configurations/brief/constant_height.md", "range": {"start": {"line": 1, "column": 3}}}, "severity": "WARNING"}
  {"message": "[Vale.Spelling] Did you really mean 'constant_height'?", "location": {"path": "snippets/pixmap_table/configurations/brief/constant_height.md", "range": {"start": {"line": 3, "column": 37}}}, "severity": "ERROR"}
  {"message": "[Vale.Spelling] Did you really mean 'bits_per_pixel'?", "location": {"path": "snippets/pixmap_table/records/brief/bits_per_pixel.md", "range": {"start": {"line": 1, "column": 3}}}, "severity": "ERROR"}
  {"message": "[Google.Headings] 'bits_per_pixel' should use sentence-style capitalization.", "location": {"path": "snippets/pixmap_table/records/brief/bits_per_pixel.md", "range": {"start": {"line": 1, "column": 3}}}, "severity": "WARNING"}
  {"message": "[Vale.Spelling] Did you really mean 'bits_per_pixel'?", "location": {"path": "snippets/pixmap_table/records/brief/bits_per_pixel.md", "range": {"start": {"line": 3, "column": 37}}}, "severity": "ERROR"}
  {"message": "[Google.Headings] 'constant_width' should use sentence-style capitalization.", "location": {"path": "snippets/pixmap_table/configurations/brief/constant_width.md", "range": {"start": {"line": 1, "column": 3}}}, "severity": "WARNING"}
  {"message": "[Vale.Spelling] Did you really mean 'constant_width'?", "location": {"path": "snippets/pixmap_table/configurations/brief/constant_width.md", "range": {"start": {"line": 1, "column": 3}}}, "severity": "ERROR"}
  {"message": "[Vale.Spelling] Did you really mean 'constant_width'?", "location": {"path": "snippets/pixmap_table/configurations/brief/constant_width.md", "range": {"start": {"line": 3, "column": 37}}}, "severity": "ERROR"}
  {"message": "[Google.Headings] 'data' should use sentence-style capitalization.", "location": {"path": "snippets/pixmap_table/records/brief/data.md", "range": {"start": {"line": 1, "column": 3}}}, "severity": "WARNING"}
  {"message": "[Google.Headings] 'height' should use sentence-style capitalization.", "location": {"path": "snippets/pixmap_table/records/brief/height.md", "range": {"start": {"line": 1, "column": 3}}}, "severity": "WARNING"}
  {"message": "[Vale.Spelling] Did you really mean 'color_tables'?", "location": {"path": "snippets/pixmap_table/links/brief/color_tables.md", "range": {"start": {"line": 1, "column": 3}}}, "severity": "ERROR"}
  {"message": "[Google.Headings] 'color_tables' should use sentence-style capitalization.", "location": {"path": "snippets/pixmap_table/links/brief/color_tables.md", "range": {"start": {"line": 1, "column": 3}}}, "severity": "WARNING"}
  {"message": "[Vale.Spelling] Did you really mean 'color_tables'?", "location": {"path": "snippets/pixmap_table/links/brief/color_tables.md", "range": {"start": {"line": 3, "column": 37}}}, "severity": "ERROR"}
  {"message": "[Google.Headings] 'width' should use sentence-style capitalization.", "location": {"path": "snippets/pixmap_table/records/brief/width.md", "range": {"start": {"line": 1, "column": 3}}}, "severity": "WARNING"}
  {"message": "[Vale.Spelling] Did you really mean 'Suchow'?", "location": {"path": ".ci/styles/proselint/README.md", "range": {"start": {"line": 1, "column": 31}}}, "severity": "ERROR"}
  {"message": "[Google.OxfordComma] Use the Oxford comma in 'Redistribution and use in source and binary forms, with or'.", "location": {"path": ".ci/styles/proselint/README.md", "range": {"start": {"line": 4, "column": 1}}}, "severity": "WARNING"}
  {"message": "[write-good.Passive] 'are permitted' may be passive voice. Use active voice if you can.", "location": {"path": ".ci/styles/proselint/README.md", "range": {"start": {"line": 4, "column": 82}}}, "severity": "WARNING"}
  {"message": "[Google.Passive] In general, use active voice instead of passive voice ('are permitted').", "location": {"path": ".ci/styles/proselint/README.md", "range": {"start": {"line": 4, "column": 82}}}, "severity": "INFO"}
  {"message": "[write-good.E-Prime] Try to avoid using 'are'.", "location": {"path": ".ci/styles/proselint/README.md", "range": {"start": {"line": 4, "column": 82}}}, "severity": "INFO"}
  {"message": "[write-good.TooWordy] 'provided that' is too wordy.", "location": {"path": ".ci/styles/proselint/README.md", "range": {"start": {"line": 4, "column": 96}}}, "severity": "WARNING"}
  {"message": "[write-good.Passive] 'are met' may be passive voice. Use active voice if you can.", "location": {"path": ".ci/styles/proselint/README.md", "range": {"start": {"line": 4, "column": 135}}}, "severity": "WARNING"}
  {"message": "[Google.Passive] In general, use active voice instead of passive voice ('are met').", "location": {"path": ".ci/styles/proselint/README.md", "range": {"start": {"line": 4, "column": 135}}}, "severity": "INFO"}
  {"message": "[write-good.E-Prime] Try to avoid using 'are'.", "location": {"path": ".ci/styles/proselint/README.md", "range": {"start": {"line": 4, "column": 135}}}, "severity": "INFO"}
  {"message": "[Vale.Spelling] Did you really mean 'Redistributions'?", "location": {"path": ".ci/styles/proselint/README.md", "range": {"start": {"line": 6, "column": 4}}}, "severity": "ERROR"}
  {"message": "[write-good.TooWordy] 'retain' is too wordy.", "location": {"path": ".ci/styles/proselint/README.md", "range": {"start": {"line": 6, "column": 40}}}, "severity": "WARNING"}
  {"message": "[Google.WordList] Use 'preceding' instead of 'above'.", "location": {"path": ".ci/styles/proselint/README.md", "range": {"start": {"line": 6, "column": 51}}}, "severity": "WARNING"}
  {"message": "[Vale.Spelling] Did you really mean 'Redistributions'?", "location": {"path": ".ci/styles/proselint/README.md", "range": {"start": {"line": 8, "column": 4}}}, "severity": "ERROR"}
  {"message": "[Google.WordList] Use 'preceding' instead of 'above'.", "location": {"path": ".ci/styles/proselint/README.md", "range": {"start": {"line": 8, "column": 54}}}, "severity": "WARNING"}
  {"message": "[write-good.Passive] 'be used' may be passive voice. Use active voice if you can.", "location": {"path": ".ci/styles/proselint/README.md", "range": {"start": {"line": 10, "column": 83}}}, "severity": "WARNING"}
  {"message": "[write-good.E-Prime] Try to avoid using 'be'.", "location": {"path": ".ci/styles/proselint/README.md", "range": {"start": {"line": 10, "column": 83}}}, "severity": "INFO"}
  {"message": "[Google.Passive] In general, use active voice instead of passive voice ('be used').", "location": {"path": ".ci/styles/proselint/README.md", "range": {"start": {"line": 10, "column": 83}}}, "severity": "INFO"}
  {"message": "[Google.Acronyms] Spell out 'THIS', if it's unfamiliar to the audience.", "location": {"path": ".ci/styles/proselint/README.md", "range": {"start": {"line": 12, "column": 1}}}, "severity": "INFO"}
  {"message": "[write-good.Passive] 'IS PROVIDED' may be passive voice. Use active voice if you can.", "location": {"path": ".ci/styles/proselint/README.md", "range": {"start": {"line": 12, "column": 15}}}, "severity": "WARNING"}
  {"message": "[Google.Passive] In general, use active voice instead of passive voice ('IS PROVIDED').", "location": {"path": ".ci/styles/proselint/README.md", "range": {"start": {"line": 12, "column": 15}}}, "severity": "INFO"}
  {"message": "[write-good.E-Prime] Try to avoid using 'IS'.", "location": {"path": ".ci/styles/proselint/README.md", "range": {"start": {"line": 12, "column": 15}}}, "severity": "INFO"}
  {"message": "[Google.Acronyms] Spell out 'THE', if it's unfamiliar to the audience.", "location": {"path": ".ci/styles/proselint/README.md", "range": {"start": {"line": 12, "column": 30}}}, "severity": "INFO"}
  {"message": "[Google.Acronyms] Spell out 'AND', if it's unfamiliar to the audience.", "location": {"path": ".ci/styles/proselint/README.md", "range": {"start": {"line": 12, "column": 52}}}, "severity": "INFO"}
  {"message": "[Google.Acronyms] Spell out 'AND', if it's unfamiliar to the audience.", "location": {"path": ".ci/styles/proselint/README.md", "range": {"start": {"line": 12, "column": 77}}}, "severity": "INFO"}
  {"message": "[Google.Acronyms] Spell out 'ANY', if it's unfamiliar to the audience.", "location": {"path": ".ci/styles/proselint/README.md", "range": {"start": {"line": 12, "column": 81}}}, "severity": "INFO"}
  {"message": "[Google.Acronyms] Spell out 'BUT', if it's unfamiliar to the audience.", "location": {"path": ".ci/styles/proselint/README.md", "range": {"start": {"line": 12, "column": 127}}}, "severity": "INFO"}
  {"message": "[Google.Acronyms] Spell out 'NOT', if it's unfamiliar to the audience.", "location": {"path": ".ci/styles/proselint/README.md", "range": {"start": {"line": 12, "column": 131}}}, "severity": "INFO"}
  {"message": "[Google.Acronyms] Spell out 'THE', if it's unfamiliar to the audience.", "location": {"path": ".ci/styles/proselint/README.md", "range": {"start": {"line": 12, "column": 147}}}, "severity": "INFO"}
  {"message": "[Google.Acronyms] Spell out 'AND', if it's unfamiliar to the audience.", "location": {"path": ".ci/styles/proselint/README.md", "range": {"start": {"line": 12, "column": 189}}}, "severity": "INFO"}
  {"message": "[Google.Acronyms] Spell out 'FOR', if it's unfamiliar to the audience.", "location": {"path": ".ci/styles/proselint/README.md", "range": {"start": {"line": 12, "column": 201}}}, "severity": "INFO"}
  {"message": "[Google.Passive] In general, use active voice instead of passive voice ('ARE DISCLAIMED').", "location": {"path": ".ci/styles/proselint/README.md", "range": {"start": {"line": 12, "column": 226}}}, "severity": "INFO"}
  {"message": "[write-good.E-Prime] Try to avoid using 'ARE'.", "location": {"path": ".ci/styles/proselint/README.md", "range": {"start": {"line": 12, "column": 226}}}, "severity": "INFO"}
  {"message": "[write-good.Passive] 'ARE DISCLAIMED' may be passive voice. Use active voice if you can.", "location": {"path": ".ci/styles/proselint/README.md", "range": {"start": {"line": 12, "column": 226}}}, "severity": "WARNING"}
  {"message": "[Google.Acronyms] Spell out 'ARE', if it's unfamiliar to the audience.", "location": {"path": ".ci/styles/proselint/README.md", "range": {"start": {"line": 12, "column": 226}}}, "severity": "INFO"}
  {"message": "[Google.Acronyms] Spell out 'EVENT', if it's unfamiliar to the audience.", "location": {"path": ".ci/styles/proselint/README.md", "range": {"start": {"line": 12, "column": 248}}}, "severity": "INFO"}
  {"message": "[write-good.TooWordy] 'SHALL' is too wordy.", "location": {"path": ".ci/styles/proselint/README.md", "range": {"start": {"line": 12, "column": 254}}}, "severity": "WARNING"}
  {"message": "[Google.Acronyms] Spell out 'SHALL', if it's unfamiliar to the audience.", "location": {"path": ".ci/styles/proselint/README.md", "range": {"start": {"line": 12, "column": 254}}}, "severity": "INFO"}
  {"message": "[Google.Acronyms] Spell out 'THE', if it's unfamiliar to the audience.", "location": {"path": ".ci/styles/proselint/README.md", "range": {"start": {"line": 12, "column": 260}}}, "severity": "INFO"}
  {"message": "[write-good.E-Prime] Try to avoid using 'BE'.", "location": {"path": ".ci/styles/proselint/README.md", "range": {"start": {"line": 12, "column": 297}}}, "severity": "INFO"}
  {"message": "[Google.Acronyms] Spell out 'FOR', if it's unfamiliar to the audience.", "location": {"path": ".ci/styles/proselint/README.md", "range": {"start": {"line": 12, "column": 307}}}, "severity": "INFO"}
  {"message": "[Google.Acronyms] Spell out 'ANY', if it's unfamiliar to the audience.", "location": {"path": ".ci/styles/proselint/README.md", "range": {"start": {"line": 12, "column": 311}}}, "severity": "INFO"}
  {"message": "[Google.Parens] Use parentheses judiciously.", "location": {"path": ".ci/styles/proselint/README.md", "range": {"start": {"line": 12, "column": 390}}}, "severity": "INFO"}
  {"message": "[Google.Acronyms] Spell out 'NOT', if it's unfamiliar to the audience.", "location": {"path": ".ci/styles/proselint/README.md", "range": {"start": {"line": 12, "column": 406}}}, "severity": "INFO"}
  {"message": "[Google.Acronyms] Spell out 'GOODS', if it's unfamiliar to the audience.", "location": {"path": ".ci/styles/proselint/README.md", "range": {"start": {"line": 12, "column": 448}}}, "severity": "INFO"}
  {"message": "[Google.Semicolons] Use semicolons judiciously.", "location": {"path": ".ci/styles/proselint/README.md", "range": {"start": {"line": 12, "column": 465}}}, "severity": "INFO"}
  {"message": "[Google.Acronyms] Spell out 'LOSS', if it's unfamiliar to the audience.", "location": {"path": ".ci/styles/proselint/README.md", "range": {"start": {"line": 12, "column": 467}}}, "severity": "INFO"}
  {"message": "[Google.Acronyms] Spell out 'USE', if it's unfamiliar to the audience.", "location": {"path": ".ci/styles/proselint/README.md", "range": {"start": {"line": 12, "column": 475}}}, "severity": "INFO"}
  {"message": "[Google.Acronyms] Spell out 'DATA', if it's unfamiliar to the audience.", "location": {"path": ".ci/styles/proselint/README.md", "range": {"start": {"line": 12, "column": 480}}}, "severity": "INFO"}
  {"message": "[Google.Semicolons] Use semicolons judiciously.", "location": {"path": ".ci/styles/proselint/README.md", "range": {"start": {"line": 12, "column": 496}}}, "severity": "INFO"}
  {"message": "[write-good.TooWordy] 'HOWEVER' is too wordy.", "location": {"path": ".ci/styles/proselint/README.md", "range": {"start": {"line": 12, "column": 524}}}, "severity": "WARNING"}
  {"message": "[Google.Acronyms] Spell out 'AND', if it's unfamiliar to the audience.", "location": {"path": ".ci/styles/proselint/README.md", "range": {"start": {"line": 12, "column": 539}}}, "severity": "INFO"}
  {"message": "[Google.Acronyms] Spell out 'ANY', if it's unfamiliar to the audience.", "location": {"path": ".ci/styles/proselint/README.md", "range": {"start": {"line": 12, "column": 546}}}, "severity": "INFO"}
  {"message": "[Google.Acronyms] Spell out 'TORT', if it's unfamiliar to the audience.", "location": {"path": ".ci/styles/proselint/README.md", "range": {"start": {"line": 12, "column": 613}}}, "severity": "INFO"}
  {"message": "[Google.Acronyms] Spell out 'ANY', if it's unfamiliar to the audience.", "location": {"path": ".ci/styles/proselint/README.md", "range": {"start": {"line": 12, "column": 665}}}, "severity": "INFO"}
  {"message": "[Google.Acronyms] Spell out 'WAY', if it's unfamiliar to the audience.", "location": {"path": ".ci/styles/proselint/README.md", "range": {"start": {"line": 12, "column": 669}}}, "severity": "INFO"}
  {"message": "[Google.Acronyms] Spell out 'OUT', if it's unfamiliar to the audience.", "location": {"path": ".ci/styles/proselint/README.md", "range": {"start": {"line": 12, "column": 673}}}, "severity": "INFO"}
  {"message": "[Google.Acronyms] Spell out 'THE', if it's unfamiliar to the audience.", "location": {"path": ".ci/styles/proselint/README.md", "range": {"start": {"line": 12, "column": 680}}}, "severity": "INFO"}
  {"message": "[Google.Acronyms] Spell out 'USE', if it's unfamiliar to the audience.", "location": {"path": ".ci/styles/proselint/README.md", "range": {"start": {"line": 12, "column": 684}}}, "severity": "INFO"}
  {"message": "[Google.Acronyms] Spell out 'THIS', if it's unfamiliar to the audience.", "location": {"path": ".ci/styles/proselint/README.md", "range": {"start": {"line": 12, "column": 691}}}, "severity": "INFO"}
  {"message": "[Google.Acronyms] Spell out 'EVEN', if it's unfamiliar to the audience.", "location": {"path": ".ci/styles/proselint/README.md", "range": {"start": {"line": 12, "column": 706}}}, "severity": "INFO"}
  {"message": "[Google.Acronyms] Spell out 'SUCH', if it's unfamiliar to the audience.", "location": {"path": ".ci/styles/proselint/README.md", "range": {"start": {"line": 12, "column": 744}}}, "severity": "INFO"}
  {"message": "[Vale.Spelling] Did you really mean 'bitflags'?", "location": {"path": "src/Specification Glossary.md", "range": {"start": {"line": 3, "column": 31}}}, "severity": "ERROR"}
  {"message": "[Vale.Spelling] Did you really mean 'Serializer'?", "location": {"path": "src/Specification Glossary.md", "range": {"start": {"line": 5, "column": 3}}}, "severity": "ERROR"}
  {"message": "[Google.WordList] Use 'capability' or 'feature' instead of 'functionality'.", "location": {"path": "src/Specification Glossary.md", "range": {"start": {"line": 5, "column": 30}}}, "severity": "WARNING"}
  {"message": "[Google.WordList] Use 'app' instead of 'application'.", "location": {"path": "src/Specification Glossary.md", "range": {"start": {"line": 5, "column": 50}}}, "severity": "WARNING"}
  {"message": "[Vale.Spelling] Did you really mean 'Deserializer'?", "location": {"path": "src/Specification Glossary.md", "range": {"start": {"line": 7, "column": 3}}}, "severity": "ERROR"}
  {"message": "[Google.WordList] Use 'capability' or 'feature' instead of 'functionality'.", "location": {"path": "src/Specification Glossary.md", "range": {"start": {"line": 7, "column": 32}}}, "severity": "WARNING"}
  {"message": "[Google.WordList] Use 'app' instead of 'application'.", "location": {"path": "src/Specification Glossary.md", "range": {"start": {"line": 7, "column": 52}}}, "severity": "WARNING"}
  {"message": "[Google.Headings] 'Table Structure' should use sentence-style capitalization.", "location": {"path": "src/Character Table.md", "range": {"start": {"line": 3, "column": 4}}}, "severity": "WARNING"}
  {"message": "[Google.Headings] 'Modifier Flags' should use sentence-style capitalization.", "location": {"path": "src/Character Table.md", "range": {"start": {"line": 8, "column": 5}}}, "severity": "WARNING"}
  {"message": "[Google.Headings] 'Flag Details' should use sentence-style capitalization.", "location": {"path": "src/Character Table.md", "range": {"start": {"line": 17, "column": 6}}}, "severity": "WARNING"}
  {"message": "[Google.Headings] 'Configuration Flags' should use sentence-style capitalization.", "location": {"path": "src/Character Table.md", "range": {"start": {"line": 23, "column": 5}}}, "severity": "WARNING"}
  {"message": "[Google.Headings] 'Configuration Values' should use sentence-style capitalization.", "location": {"path": "src/Character Table.md", "range": {"start": {"line": 30, "column": 6}}}, "severity": "WARNING"}
  {"message": "[Google.Headings] 'Table Links' should use sentence-style capitalization.", "location": {"path": "src/Character Table.md", "range": {"start": {"line": 36, "column": 5}}}, "severity": "WARNING"}
  {"message": "[Google.Headings] 'Link Arrays' should use sentence-style capitalization.", "location": {"path": "src/Character Table.md", "range": {"start": {"line": 43, "column": 6}}}, "severity": "WARNING"}
  {"message": "[Google.Headings] 'Character Record' should use sentence-style capitalization.", "location": {"path": "src/Character Table.md", "range": {"start": {"line": 49, "column": 4}}}, "severity": "WARNING"}
  {"message": "[Google.Headings] 'Record Layout Examples' should use sentence-style capitalization.", "location": {"path": "src/Character Table.md", "range": {"start": {"line": 60, "column": 5}}}, "severity": "WARNING"}
  {"message": "[Google.Colons] ': M' should be in lowercase.", "location": {"path": "src/Character Table.md", "range": {"start": {"line": 62, "column": 12}}}, "severity": "WARNING"}
  {"message": "[Google.Parens] Use parentheses judiciously.", "location": {"path": "src/Character Table.md", "range": {"start": {"line": 62, "column": 31}}}, "severity": "INFO"}
  {"message": "[Google.Colons] ': W' should be in lowercase.", "location": {"path": "src/Character Table.md", "range": {"start": {"line": 72, "column": 12}}}, "severity": "WARNING"}
  {"message": "[Google.Colons] ': W' should be in lowercase.", "location": {"path": "src/Character Table.md", "range": {"start": {"line": 82, "column": 12}}}, "severity": "WARNING"}
  {"message": "[Vale.Spelling] Did you really mean 'pixmap'?", "location": {"path": "src/Character Table.md", "range": {"start": {"line": 82, "column": 19}}}, "severity": "ERROR"}
  {"message": "[Google.Colons] ': W' should be in lowercase.", "location": {"path": "src/Character Table.md", "range": {"start": {"line": 92, "column": 12}}}, "severity": "WARNING"}
  {"message": "[Google.Colons] ': W' should be in lowercase.", "location": {"path": "src/Character Table.md", "range": {"start": {"line": 102, "column": 12}}}, "severity": "WARNING"}
  {"message": "[Vale.Spelling] Did you really mean 'codepoints'?", "location": {"path": "src/Character Table.md", "range": {"start": {"line": 102, "column": 36}}}, "severity": "ERROR"}
  {"message": "[Google.Headings] 'Complete Table Example' should use sentence-style capitalization.", "location": {"path": "src/Character Table.md", "range": {"start": {"line": 113, "column": 4}}}, "severity": "WARNING"}
  {"message": "[Google.Parens] Use parentheses judiciously.", "location": {"path": "src/Character Table.md", "range": {"start": {"line": 115, "column": 83}}}, "severity": "INFO"}
  {"message": "[Vale.Spelling] Did you really mean 'Pixmap'?", "location": {"path": "src/Character Table.md", "range": {"start": {"line": 115, "column": 145}}}, "severity": "ERROR"}
  {"message": "[Google.OptionalPlurals] Don't use plurals in parentheses such as in 'Byte(s)'.", "location": {"path": "src/Character Table.md", "range": {"start": {"line": 117, "column": 3}}}, "severity": "ERROR"}
  {"message": "[Google.Parens] Use parentheses judiciously.", "location": {"path": "src/Character Table.md", "range": {"start": {"line": 117, "column": 7}}}, "severity": "INFO"}
  {"message": "[Vale.Spelling] Did you really mean 'Pixmap'?", "location": {"path": "src/Character Table.md", "range": {"start": {"line": 124, "column": 33}}}, "severity": "ERROR"}
  {"message": "[Vale.Spelling] Did you really mean 'Pixmap'?", "location": {"path": "src/Character Table.md", "range": {"start": {"line": 125, "column": 41}}}, "severity": "ERROR"}
  {"message": "[Vale.Spelling] Did you really mean 'advance_x'?", "location": {"path": "src/Character Table.md", "range": {"start": {"line": 127, "column": 43}}}, "severity": "ERROR"}
  {"message": "[Vale.Spelling] Did you really mean 'pixmap_index'?", "location": {"path": "src/Character Table.md", "range": {"start": {"line": 128, "column": 43}}}, "severity": "ERROR"}
  {"message": "[Vale.Spelling] Did you really mean 'codepoints'?", "location": {"path": "src/Character Table.md", "range": {"start": {"line": 129, "column": 43}}}, "severity": "ERROR"}
  {"message": "[Vale.Spelling] Did you really mean 'advance_x'?", "location": {"path": "src/Character Table.md", "range": {"start": {"line": 130, "column": 43}}}, "severity": "ERROR"}
  {"message": "[Vale.Spelling] Did you really mean 'pixmap_index'?", "location": {"path": "src/Character Table.md", "range": {"start": {"line": 131, "column": 43}}}, "severity": "ERROR"}
  {"message": "[Vale.Spelling] Did you really mean 'codepoints'?", "location": {"path": "src/Character Table.md", "range": {"start": {"line": 132, "column": 43}}}, "severity": "ERROR"}
